
> sams@1.0.0 build C:\SIMS\sams-render
> pnpm -r build

Scope: 3 of 4 workspace projects
apps/api build$ prisma generate && tsc -p tsconfig.json
apps/api build: Environment variables loaded from .env
apps/api build: Prisma schema loaded from prisma\schema.prisma
apps/api build: Error: 
apps/api build: EPERM: operation not permitted, rename 'C:\SIMS\sams-render\apps\api\node_modules\.prisma\client\query_engine-windows.dll.node.tmp28348' -> 'C:\SIMS\sams-render\apps\api\node_modules\.prisma\client\query_engine-windows.dll.node'
apps/api build: Failed
C:\SIMS\sams-render\apps\api:
ΓÇëERR_PNPM_RECURSIVE_RUN_FIRST_FAILΓÇë @sams/api@1.0.0 build: `prisma generate && tsc -p tsconfig.json`
Exit status 1
ΓÇëELIFECYCLEΓÇë Command failed with exit code 1.
